++++++++++++++++++++++++++++++++++++++++++++++++++++++++++++++++++++++++++++++++
+...................................._.........................................+
+...................................._.........................................+
+...................................._.........................................+
+...................................._.........................................+
+...................................._.........................................+
+...................................._.........................................+
+...................................._.........................................+
+...................................._.........................................+
+...................................._.........................................+
+...................................._.........................................+
+...................................._.........................................+
+...................................._.........................................+
+...................................._.........................................+
+...................................._.........................................+
+...................................._.........................................+
+...................................._.........................................+
+...................................._.........................................+
+...................................._.........................................+
+...................................._.........................................+
+...................................._......................++++++++++.........+
+...................................._......................+________+.........+
+...................................._......................+________+.........+
+...................................._......................+________+.........+
+.................................._____....................++++_+++++.........+
+.................................._____........................_..............+
+______________________________________________________________________________+
+.................................._____.......................................+
+.................................._____.......................................+
+.................................._____.......................................+
+...................................._.........................................+
+...................................._.........................................+
+...................................._.........................................+
+...................................._.........................................+
+...................................._.........................................+
+...................................._.........................................+
+...................................._.........................................+
+...................................._.........................................+
+...................................._.........................................+
+...................................._.........................................+
+...................................._.........................................+
+...................................._.........................................+
+...................................._.........................................+
+...................................._.........................................+
+...................................._.........................................+
+...................................._.........................................+
+...................................._.........................................+
+...................................._.........................................+
+...................................._.........................................+
+...................................._.........................................+
+...................................._.........................................+
+...................................._.........................................+
+...................................._.........................................+
+...................................._.........................................+
+...................................._.........................................+
+...................................._.........................................+
+...................................._.........................................+
+...................................._.........................................+
+...................................._.........................................+
++++++++++++++++++++++++++++++++++++++++++++++++++++++++++++++++++++++++++++++++

